,a
LICENSE
Makefile
README.md
echo.c
fix0.sh
fixHtml.sh
io0.c
io0.cpp
io0.go
io0.hs
io0.js
io0.py
io1.c
io1.cpp
io1.go
io1.hs
io1.js
io1.py
io2.c
io2.cpp
io2.go
io2.hi
io2.hs
io2.js
io2.o
io2.py
io3
io3.c
io3.cpp
io3.go
io3.hi
io3.hs
io3.js
io3.o
io3.py
io3_c
io3_cpp
noe.1
p0.html
p0.m4.html
p1.html
p1.m4.html
p2.html
p2.m4.html
p3.html
p3.m4.html
py_echo.py
ref
t1.hs
tmp
todo.md
walk.py
