io0.ref
io1-a.ref
io1.in
io1.ref
io2.ref
io3.ref
c.out
cpp.out
go.out
hs.out
io0.c.txt
io0.cpp.txt
io0.go.txt
io0.hs.txt
io0.js.txt
io0.py.txt
io1.c.txt
io1.cpp.txt
io1.go.txt
io1.hs.txt
io1.js.txt
io1.py.txt
io2.c.txt
io2.cpp.txt
io2.go.txt
io2.hs.txt
io2.js.txt
io2.py.txt
io3.c.txt
io3.cpp.txt
io3.go.txt
io3.hs.txt
io3.js.txt
io3.py.txt
js.out
py.out
